0 verbose cli /usr/local/bin/node /usr/local/bin/npm
1 info using npm@11.11.0
2 info using node@v24.14.1
3 silly config load:file:/usr/local/lib/node_modules/npm/npmrc
4 silly config load:file:/Users/gerardgarroparera/fp067-producto3/app-mobile/.npmrc
5 silly config load:file:/Users/gerardgarroparera/.npmrc
6 silly config load:file:/usr/local/etc/npmrc
7 verbose title npm install @react-navigation/native @react-navigation/stack
8 verbose argv "install" "--save" "--cache" "firebase" "@react-navigation/native" "@react-navigation/stack"
9 verbose logfile logs-max:10 dir:/Users/gerardgarroparera/fp067-producto3/app-mobile/firebase/_logs/2026-05-02T13_53_10_359Z-
10 verbose logfile /Users/gerardgarroparera/fp067-producto3/app-mobile/firebase/_logs/2026-05-02T13_53_10_359Z-debug-0.log
11 silly logfile done cleaning log files
12 silly packumentCache heap:2348810240 maxSize:587202560 maxEntrySize:293601280
13 silly idealTree buildDeps
14 silly fetch manifest @react-navigation/native@^7.1.8
15 silly packumentCache full:https://registry.npmjs.org/@react-navigation%2fnative cache-miss
16 http fetch GET 200 https://registry.npmjs.org/@react-navigation%2fnative 201ms (cache miss)
17 silly packumentCache full:https://registry.npmjs.org/@react-navigation%2fnative set size:undefined disposed:false
18 silly fetch manifest react@19.1.0
19 silly packumentCache full:https://registry.npmjs.org/react cache-miss
20 http fetch GET 200 https://registry.npmjs.org/npm 380ms
21 http fetch GET 200 https://registry.npmjs.org/react 155ms (cache miss)
22 silly packumentCache full:https://registry.npmjs.org/react set size:undefined disposed:false
23 silly fetch manifest react-native@0.81.5
24 silly packumentCache full:https://registry.npmjs.org/react-native cache-miss
25 http fetch GET 200 https://registry.npmjs.org/react-native 198ms (cache miss)
26 silly packumentCache full:https://registry.npmjs.org/react-native set size:undefined disposed:false
27 silly fetch manifest @types/react@~19.1.0
28 silly packumentCache full:https://registry.npmjs.org/@types%2freact cache-miss
29 http fetch GET 200 https://registry.npmjs.org/@types%2freact 81ms (cache miss)
30 silly packumentCache full:https://registry.npmjs.org/@types%2freact set size:undefined disposed:false
31 silly fetch manifest expo-audio@~1.1.1
32 silly packumentCache full:https://registry.npmjs.org/expo-audio cache-miss
33 http fetch GET 200 https://registry.npmjs.org/expo-audio 208ms (cache miss)
34 silly packumentCache full:https://registry.npmjs.org/expo-audio set size:undefined disposed:false
35 silly fetch manifest expo@~54.0.33
36 silly packumentCache full:https://registry.npmjs.org/expo cache-miss
37 http fetch GET 200 https://registry.npmjs.org/expo 91ms (cache miss)
38 silly packumentCache full:https://registry.npmjs.org/expo set size:undefined disposed:false
39 silly fetch manifest @expo/dom-webview@*
40 silly packumentCache full:https://registry.npmjs.org/@expo%2fdom-webview cache-miss
41 http fetch GET 200 https://registry.npmjs.org/@expo%2fdom-webview 224ms (cache miss)
42 silly packumentCache full:https://registry.npmjs.org/@expo%2fdom-webview set size:undefined disposed:false
43 silly fetch manifest @expo/metro-runtime@*
44 silly packumentCache full:https://registry.npmjs.org/@expo%2fmetro-runtime cache-miss
45 http fetch GET 200 https://registry.npmjs.org/@expo%2fmetro-runtime 62ms (cache miss)
46 silly packumentCache full:https://registry.npmjs.org/@expo%2fmetro-runtime set size:undefined disposed:false
47 silly fetch manifest react-dom@19.1.0
48 silly packumentCache full:https://registry.npmjs.org/react-dom cache-miss
49 http fetch GET 200 https://registry.npmjs.org/react-dom 166ms (cache miss)
50 silly packumentCache full:https://registry.npmjs.org/react-dom set size:undefined disposed:false
51 silly fetch manifest react-native-webview@*
52 silly packumentCache full:https://registry.npmjs.org/react-native-webview cache-miss
53 http fetch GET 200 https://registry.npmjs.org/react-native-webview 50ms (cache miss)
54 silly packumentCache full:https://registry.npmjs.org/react-native-webview set size:undefined disposed:false
55 silly fetch manifest expo-asset@*
56 silly packumentCache full:https://registry.npmjs.org/expo-asset cache-miss
57 http fetch GET 200 https://registry.npmjs.org/expo-asset 50ms (cache miss)
58 silly packumentCache full:https://registry.npmjs.org/expo-asset set size:undefined disposed:false
59 silly fetch manifest expo-video@~3.0.16
60 silly packumentCache full:https://registry.npmjs.org/expo-video cache-miss
61 http fetch GET 200 https://registry.npmjs.org/expo-video 226ms (cache miss)
62 silly packumentCache full:https://registry.npmjs.org/expo-video set size:undefined disposed:false
63 silly fetch manifest @react-navigation/stack@*
64 silly packumentCache full:https://registry.npmjs.org/@react-navigation%2fstack cache-miss
65 http fetch GET 200 https://registry.npmjs.org/@react-navigation%2fstack 477ms (cache miss)
66 silly packumentCache full:https://registry.npmjs.org/@react-navigation%2fstack set size:undefined disposed:false
67 silly fetch manifest react-native-gesture-handler@~2.28.0
68 silly packumentCache full:https://registry.npmjs.org/react-native-gesture-handler cache-miss
69 http fetch GET 200 https://registry.npmjs.org/react-native-gesture-handler 47ms (cache miss)
70 silly packumentCache full:https://registry.npmjs.org/react-native-gesture-handler set size:undefined disposed:false
71 silly fetch manifest react-native-safe-area-context@~5.6.0
72 silly packumentCache full:https://registry.npmjs.org/react-native-safe-area-context cache-miss
73 http fetch GET 200 https://registry.npmjs.org/react-native-safe-area-context 540ms (cache miss)
74 silly packumentCache full:https://registry.npmjs.org/react-native-safe-area-context set size:undefined disposed:false
75 silly fetch manifest react-native-screens@~4.16.0
76 silly packumentCache full:https://registry.npmjs.org/react-native-screens cache-miss
77 http fetch GET 200 https://registry.npmjs.org/react-native-screens 81ms (cache miss)
78 silly packumentCache full:https://registry.npmjs.org/react-native-screens set size:undefined disposed:false
79 silly placeDep ROOT @react-navigation/native@7.2.2 REPLACE for: app-mobile@1.0.0 want: ^7.1.8
80 silly placeDep ROOT @react-navigation/stack@7.8.11 OK for: app-mobile@1.0.0 want: *
81 silly placeDep ROOT expo-audio@1.1.1 OK for: app-mobile@1.0.0 want: ~1.1.1
82 silly placeDep ROOT expo-video@3.0.16 OK for: app-mobile@1.0.0 want: ~3.0.16
83 silly placeDep ROOT undefined@ OK for: app-mobile@1.0.0 want: /tmp/npm-cache
84 silly reify moves {}
85 silly audit bulk request {
85 silly audit   '@0no-co/graphql.web': [ '1.2.0' ],
85 silly audit   '@babel/code-frame': [ '7.29.0', '7.10.4' ],
85 silly audit   '@babel/compat-data': [ '7.29.3' ],
85 silly audit   '@babel/core': [ '7.29.0' ],
85 silly audit   '@babel/generator': [ '7.29.1' ],
85 silly audit   '@babel/helper-annotate-as-pure': [ '7.27.3' ],
85 silly audit   '@babel/helper-compilation-targets': [ '7.28.6' ],
85 silly audit   '@babel/helper-create-class-features-plugin': [ '7.29.3' ],
85 silly audit   '@babel/helper-create-regexp-features-plugin': [ '7.28.5' ],
85 silly audit   '@babel/helper-define-polyfill-provider': [ '0.6.8' ],
85 silly audit   resolve: [ '1.22.12', '1.7.1', '2.0.0-next.6' ],
85 silly audit   '@babel/helper-globals': [ '7.28.0' ],
85 silly audit   '@babel/helper-member-expression-to-functions': [ '7.28.5' ],
85 silly audit   '@babel/helper-module-imports': [ '7.28.6' ],
85 silly audit   '@babel/helper-module-transforms': [ '7.28.6' ],
85 silly audit   '@babel/helper-optimise-call-expression': [ '7.27.1' ],
85 silly audit   '@babel/helper-plugin-utils': [ '7.28.6' ],
85 silly audit   '@babel/helper-remap-async-to-generator': [ '7.27.1' ],
85 silly audit   '@babel/helper-replace-supers': [ '7.28.6' ],
85 silly audit   '@babel/helper-skip-transparent-expression-wrappers': [ '7.27.1' ],
85 silly audit   '@babel/helper-string-parser': [ '7.27.1' ],
85 silly audit   '@babel/helper-validator-identifier': [ '7.28.5' ],
85 silly audit   '@babel/helper-validator-option': [ '7.27.1' ],
85 silly audit   '@babel/helper-wrap-function': [ '7.28.6' ],
85 silly audit   '@babel/helpers': [ '7.29.2' ],
85 silly audit   '@babel/highlight': [ '7.25.9' ],
85 silly audit   'ansi-styles': [ '3.2.1', '4.3.0', '5.2.0' ],
85 silly audit   chalk: [ '2.4.2', '4.1.2' ],
85 silly audit   'color-convert': [ '1.9.3', '2.0.1' ],
85 silly audit   'color-name': [ '1.1.3', '1.1.4' ],
85 silly audit   'escape-string-regexp': [ '1.0.5', '4.0.0', '2.0.0' ],
85 silly audit   'has-flag': [ '3.0.0', '4.0.0' ],
85 silly audit   'supports-color': [ '5.5.0', '8.1.1', '7.2.0' ],
85 silly audit   '@babel/parser': [ '7.29.3' ],
85 silly audit   '@babel/plugin-proposal-decorators': [ '7.29.0' ],
85 silly audit   '@babel/plugin-proposal-export-default-from': [ '7.27.1' ],
85 silly audit   '@babel/plugin-syntax-async-generators': [ '7.8.4' ],
85 silly audit   '@babel/plugin-syntax-bigint': [ '7.8.3' ],
85 silly audit   '@babel/plugin-syntax-class-properties': [ '7.12.13' ],
85 silly audit   '@babel/plugin-syntax-class-static-block': [ '7.14.5' ],
85 silly audit   '@babel/plugin-syntax-decorators': [ '7.28.6' ],
85 silly audit   '@babel/plugin-syntax-dynamic-import': [ '7.8.3' ],
85 silly audit   '@babel/plugin-syntax-export-default-from': [ '7.28.6' ],
85 silly audit   '@babel/plugin-syntax-flow': [ '7.28.6' ],
85 silly audit   '@babel/plugin-syntax-import-attributes': [ '7.28.6' ],
85 silly audit   '@babel/plugin-syntax-import-meta': [ '7.10.4' ],
85 silly audit   '@babel/plugin-syntax-json-strings': [ '7.8.3' ],
85 silly audit   '@babel/plugin-syntax-jsx': [ '7.28.6' ],
85 silly audit   '@babel/plugin-syntax-logical-assignment-operators': [ '7.10.4' ],
85 silly audit   '@babel/plugin-syntax-nullish-coalescing-operator': [ '7.8.3' ],
85 silly audit   '@babel/plugin-syntax-numeric-separator': [ '7.10.4' ],
85 silly audit   '@babel/plugin-syntax-object-rest-spread': [ '7.8.3' ],
85 silly audit   '@babel/plugin-syntax-optional-catch-binding': [ '7.8.3' ],
85 silly audit   '@babel/plugin-syntax-optional-chaining': [ '7.8.3' ],
85 silly audit   '@babel/plugin-syntax-private-property-in-object': [ '7.14.5' ],
85 silly audit   '@babel/plugin-syntax-top-level-await': [ '7.14.5' ],
85 silly audit   '@babel/plugin-syntax-typescript': [ '7.28.6' ],
85 silly audit   '@babel/plugin-transform-arrow-functions': [ '7.27.1' ],
85 silly audit   '@babel/plugin-transform-async-generator-functions': [ '7.29.0' ],
85 silly audit   '@babel/plugin-transform-async-to-generator': [ '7.28.6' ],
85 silly audit   '@babel/plugin-transform-block-scoping': [ '7.28.6' ],
85 silly audit   '@babel/plugin-transform-class-properties': [ '7.28.6' ],
85 silly audit   '@babel/plugin-transform-class-static-block': [ '7.28.6' ],
85 silly audit   '@babel/plugin-transform-classes': [ '7.28.6' ],
85 silly audit   '@babel/plugin-transform-computed-properties': [ '7.28.6' ],
85 silly audit   '@babel/plugin-transform-destructuring': [ '7.28.5' ],
85 silly audit   '@babel/plugin-transform-export-namespace-from': [ '7.27.1' ],
85 silly audit   '@babel/plugin-transform-flow-strip-types': [ '7.27.1' ],
85 silly audit   '@babel/plugin-transform-for-of': [ '7.27.1' ],
85 silly audit   '@babel/plugin-transform-function-name': [ '7.27.1' ],
85 silly audit   '@babel/plugin-transform-literals': [ '7.27.1' ],
85 silly audit   '@babel/plugin-transform-logical-assignment-operators': [ '7.28.6' ],
85 silly audit   '@babel/plugin-transform-modules-commonjs': [ '7.28.6' ],
85 silly audit   '@babel/plugin-transform-named-capturing-groups-regex': [ '7.29.0' ],
85 silly audit   '@babel/plugin-transform-nullish-coalescing-operator': [ '7.28.6' ],
85 silly audit   '@babel/plugin-transform-numeric-separator': [ '7.28.6' ],
85 silly audit   '@babel/plugin-transform-object-rest-spread': [ '7.28.6' ],
85 silly audit   '@babel/plugin-transform-optional-catch-binding': [ '7.28.6' ],
85 silly audit   '@babel/plugin-transform-optional-chaining': [ '7.28.6' ],
85 silly audit   '@babel/plugin-transform-parameters': [ '7.27.7' ],
85 silly audit   '@babel/plugin-transform-private-methods': [ '7.28.6' ],
85 silly audit   '@babel/plugin-transform-private-property-in-object': [ '7.28.6' ],
85 silly audit   '@babel/plugin-transform-react-display-name': [ '7.28.0' ],
85 silly audit   '@babel/plugin-transform-react-jsx': [ '7.28.6' ],
85 silly audit   '@babel/plugin-transform-react-jsx-development': [ '7.27.1' ],
85 silly audit   '@babel/plugin-transform-react-jsx-self': [ '7.27.1' ],
85 silly audit   '@babel/plugin-transform-react-jsx-source': [ '7.27.1' ],
85 silly audit   '@babel/plugin-transform-react-pure-annotations': [ '7.27.1' ],
85 silly audit   '@babel/plugin-transform-regenerator': [ '7.29.0' ],
85 silly audit   '@babel/plugin-transform-runtime': [ '7.29.0' ],
85 silly audit   '@babel/plugin-transform-shorthand-properties': [ '7.27.1' ],
85 silly audit   '@babel/plugin-transform-spread': [ '7.28.6' ],
85 silly audit   '@babel/plugin-transform-sticky-regex': [ '7.27.1' ],
85 silly audit   '@babel/plugin-transform-template-literals': [ '7.27.1' ],
85 silly audit   '@babel/plugin-transform-typescript': [ '7.28.6' ],
85 silly audit   '@babel/plugin-transform-unicode-regex': [ '7.27.1' ],
85 silly audit   '@babel/preset-react': [ '7.28.5' ],
85 silly audit   '@babel/preset-typescript': [ '7.28.5' ],
85 silly audit   '@babel/runtime': [ '7.29.2' ],
85 silly audit   '@babel/template': [ '7.28.6' ],
85 silly audit   '@babel/traverse': [ '7.29.0' ],
85 silly audit   '@babel/types': [ '7.29.0' ],
85 silly audit   '@egjs/hammerjs': [ '2.0.17' ],
85 silly audit   '@emnapi/core': [ '1.10.0' ],
85 silly audit   '@emnapi/runtime': [ '1.10.0' ],
85 silly audit   '@emnapi/wasi-threads': [ '1.2.1' ],
85 silly audit   '@eslint-community/eslint-utils': [ '4.9.1' ],
85 silly audit   'eslint-visitor-keys': [ '3.4.3', '5.0.1', '4.2.1' ],
85 silly audit   '@eslint-community/regexpp': [ '4.12.2' ],
85 silly audit   '@eslint/config-array': [ '0.21.2' ],
85 silly audit   '@eslint/config-helpers': [ '0.4.2' ],
85 silly audit   '@eslint/core': [ '0.17.0' ],
85 silly audit   '@eslint/eslintrc': [ '3.3.5' ],
85 silly audit   '@eslint/js': [ '9.39.4' ],
85 silly audit   '@eslint/object-schema': [ '2.1.7' ],
85 silly audit   '@eslint/plugin-kit': [ '0.4.1' ],
85 silly audit   '@expo/code-signing-certificates': [ '0.0.6' ],
85 silly audit   '@expo/config': [ '12.0.13' ],
85 silly audit   '@expo/config-plugins': [ '54.0.4' ],
85 silly audit   semver: [ '7.7.4', '7.6.3', '7.7.2', '6.3.1' ],
85 silly audit   '@expo/config-types': [ '54.0.10' ],
85 silly audit   '@expo/devcert': [ '1.2.1' ],
85 silly audit   debug: [ '3.2.7', '2.6.9', '4.4.3' ],
85 silly audit   '@expo/devtools': [ '0.1.8' ],
85 silly audit   '@expo/env': [ '2.0.11' ],
85 silly audit   '@expo/fingerprint': [ '0.15.5' ],
85 silly audit   'balanced-match': [ '4.0.4', '1.0.2' ],
85 silly audit   'brace-expansion': [ '5.0.5', '1.1.14', '2.1.0' ],
85 silly audit   minimatch: [ '10.2.5', '9.0.9', '3.1.5' ],
85 silly audit   '@expo/image-utils': [ '0.8.13' ],
85 silly audit   '@expo/json-file': [ '10.0.13' ],
85 silly audit   '@expo/metro': [ '54.2.0' ],
85 silly audit   '@expo/metro-config': [ '54.0.15' ],
85 silly audit   '@expo/metro-runtime': [ '6.1.2' ],
85 silly audit   '@expo/osascript': [ '2.4.2' ],
85 silly audit   '@expo/package-manager': [ '1.10.4' ],
85 silly audit   '@expo/plist': [ '0.4.8' ],
85 silly audit   '@expo/prebuild-config': [ '54.0.8' ],
85 silly audit   '@expo/require-utils': [ '55.0.4' ],
85 silly audit   '@expo/schema-utils': [ '0.1.8' ],
85 silly audit   '@expo/sdk-runtime-versions': [ '1.0.0' ],
85 silly audit   '@expo/spawn-async': [ '1.7.2' ],
85 silly audit   '@expo/sudo-prompt': [ '9.3.2' ],
85 silly audit   '@expo/vector-icons': [ '15.1.1' ],
85 silly audit   '@expo/ws-tunnel': [ '1.0.6' ],
85 silly audit   '@expo/xcpretty': [ '4.4.3' ],
85 silly audit   '@humanfs/core': [ '0.19.2' ],
85 silly audit   '@humanfs/node': [ '0.16.8' ],
85 silly audit   '@humanfs/types': [ '0.15.0' ],
85 silly audit   '@humanwhocodes/module-importer': [ '1.0.1' ],
85 silly audit   '@humanwhocodes/retry': [ '0.4.3' ],
85 silly audit   '@isaacs/fs-minipass': [ '4.0.1' ],
85 silly audit   '@isaacs/ttlcache': [ '1.4.1' ],
85 silly audit   '@istanbuljs/load-nyc-config': [ '1.1.0' ],
85 silly audit   argparse: [ '1.0.10', '2.0.1' ],
85 silly audit   camelcase: [ '5.3.1', '6.3.0' ],
85 silly audit   'find-up': [ '4.1.0', '5.0.0' ],
85 silly audit   'js-yaml': [ '3.14.2', '4.1.1' ],
85 silly audit   'locate-path': [ '5.0.0', '6.0.0' ],
85 silly audit   'p-limit': [ '2.3.0', '3.1.0' ],
85 silly audit   'p-locate': [ '4.1.0', '5.0.0' ],
85 silly audit   '@istanbuljs/schema': [ '0.1.6' ],
85 silly audit   '@jest/create-cache-key-function': [ '29.7.0' ],
85 silly audit   '@jest/environment': [ '29.7.0' ],
85 silly audit   '@jest/fake-timers': [ '29.7.0' ],
85 silly audit   '@jest/schemas': [ '29.6.3' ],
85 silly audit   '@jest/transform': [ '29.7.0' ],
85 silly audit   '@jest/types': [ '29.6.3' ],
85 silly audit   '@jridgewell/gen-mapping': [ '0.3.13' ],
85 silly audit   '@jridgewell/remapping': [ '2.3.5' ],
85 silly audit   '@jridgewell/resolve-uri': [ '3.1.2' ],
85 silly audit   '@jridgewell/source-map': [ '0.3.11' ],
85 silly audit   '@jridgewell/sourcemap-codec': [ '1.5.5' ],
85 silly audit   '@jridgewell/trace-mapping': [ '0.3.31' ],
85 silly audit   '@napi-rs/wasm-runtime': [ '0.2.12' ],
85 silly audit   '@nolyfill/is-core-module': [ '1.0.39' ],
85 silly audit   '@radix-ui/primitive': [ '1.1.3' ],
85 silly audit   '@radix-ui/react-compose-refs': [ '1.1.2' ],
85 silly audit   '@radix-ui/react-context': [ '1.1.2' ],
85 silly audit   '@radix-ui/react-direction': [ '1.1.1' ],
85 silly audit   '@radix-ui/react-focus-guards': [ '1.1.3' ],
85 silly audit   '@radix-ui/react-id': [ '1.1.1' ],
85 silly audit   '@radix-ui/react-slot': [ '1.2.0', '1.2.3' ],
85 silly audit   '@radix-ui/react-use-callback-ref': [ '1.1.1' ],
85 silly audit   '@radix-ui/react-use-controllable-state': [ '1.2.2' ],
85 silly audit   '@radix-ui/react-use-effect-event': [ '0.0.2' ],
85 silly audit   '@radix-ui/react-use-escape-keydown': [ '1.1.1' ],
85 silly audit   '@radix-ui/react-use-layout-effect': [ '1.1.1' ],
85 silly audit   '@react-native/assets-registry': [ '0.81.5' ],
85 silly audit   '@react-native/babel-plugin-codegen': [ '0.81.5' ],
85 silly audit   '@react-native/babel-preset': [ '0.81.5' ],
85 silly audit   '@react-native/codegen': [ '0.81.5' ],
85 silly audit   glob: [ '7.2.3', '13.0.6' ],
85 silly audit   '@react-native/community-cli-plugin': [ '0.81.5' ],
85 silly audit   '@react-native/debugger-frontend': [ '0.81.5' ],
85 silly audit   '@react-native/dev-middleware': [ '0.81.5' ],
85 silly audit   ws: [ '6.2.3', '8.20.0', '7.5.10' ],
85 silly audit   '@react-native/gradle-plugin': [ '0.81.5' ],
85 silly audit   '@react-native/js-polyfills': [ '0.81.5' ],
85 silly audit   '@react-native/normalize-colors': [ '0.81.5', '0.74.89' ],
85 silly audit   '@react-navigation/bottom-tabs': [ '7.15.11' ],
85 silly audit   '@react-navigation/core': [ '7.17.2' ],
85 silly audit   '@react-navigation/elements': [ '2.9.15' ],
85 silly audit   '@react-navigation/native-stack': [ '7.14.12' ],
85 silly audit   '@react-navigation/routers': [ '7.5.3' ],
85 silly audit   '@rtsao/scc': [ '1.1.0' ],
85 silly audit   '@sinclair/typebox': [ '0.27.10' ],
85 silly audit   '@sinonjs/commons': [ '3.0.1' ],
85 silly audit   '@sinonjs/fake-timers': [ '10.3.0' ],
85 silly audit   '@tybys/wasm-util': [ '0.10.1' ],
85 silly audit   '@types/babel__core': [ '7.20.5' ],
85 silly audit   '@types/babel__generator': [ '7.27.0' ],
85 silly audit   '@types/babel__template': [ '7.4.4' ],
85 silly audit   '@types/babel__traverse': [ '7.28.0' ],
85 silly audit   '@types/estree': [ '1.0.8' ],
85 silly audit   '@types/graceful-fs': [ '4.1.9' ],
85 silly audit   '@types/hammerjs': [ '2.0.46' ],
85 silly audit   '@types/istanbul-lib-coverage': [ '2.0.6' ],
85 silly audit   '@types/istanbul-lib-report': [ '3.0.3' ],
85 silly audit   '@types/istanbul-reports': [ '3.0.4' ],
85 silly audit   '@types/json-schema': [ '7.0.15' ],
85 silly audit   '@types/json5': [ '0.0.29' ],
85 silly audit   '@types/node': [ '25.6.0' ],
85 silly audit   '@types/react': [ '19.1.17' ],
85 silly audit   '@types/stack-utils': [ '2.0.3' ],
85 silly audit   '@types/yargs': [ '17.0.35' ],
85 silly audit   '@types/yargs-parser': [ '21.0.3' ],
85 silly audit   '@typescript-eslint/eslint-plugin': [ '8.59.1' ],
85 silly audit   ignore: [ '7.0.5', '5.3.2' ],
85 silly audit   '@typescript-eslint/parser': [ '8.59.1' ],
85 silly audit   '@typescript-eslint/project-service': [ '8.59.1' ],
85 silly audit   '@typescript-eslint/scope-manager': [ '8.59.1' ],
85 silly audit   '@typescript-eslint/tsconfig-utils': [ '8.59.1' ],
85 silly audit   '@typescript-eslint/type-utils': [ '8.59.1' ],
85 silly audit   '@typescript-eslint/types': [ '8.59.1' ],
85 silly audit   '@typescript-eslint/typescript-estree': [ '8.59.1' ],
85 silly audit   '@typescript-eslint/utils': [ '8.59.1' ],
85 silly audit   '@typescript-eslint/visitor-keys': [ '8.59.1' ],
85 silly audit   '@ungap/structured-clone': [ '1.3.0' ],
85 silly audit   '@unrs/resolver-binding-android-arm-eabi': [ '1.11.1' ],
85 silly audit   '@unrs/resolver-binding-android-arm64': [ '1.11.1' ],
85 silly audit   '@unrs/resolver-binding-darwin-arm64': [ '1.11.1' ],
85 silly audit   '@unrs/resolver-binding-darwin-x64': [ '1.11.1' ],
85 silly audit   '@unrs/resolver-binding-freebsd-x64': [ '1.11.1' ],
85 silly audit   '@unrs/resolver-binding-linux-arm-gnueabihf': [ '1.11.1' ],
85 silly audit   '@unrs/resolver-binding-linux-arm-musleabihf': [ '1.11.1' ],
85 silly audit   '@unrs/resolver-binding-linux-arm64-gnu': [ '1.11.1' ],
85 silly audit   '@unrs/resolver-binding-linux-arm64-musl': [ '1.11.1' ],
85 silly audit   '@unrs/resolver-binding-linux-ppc64-gnu': [ '1.11.1' ],
85 silly audit   '@unrs/resolver-binding-linux-riscv64-gnu': [ '1.11.1' ],
85 silly audit   '@unrs/resolver-binding-linux-riscv64-musl': [ '1.11.1' ],
85 silly audit   '@unrs/resolver-binding-linux-s390x-gnu': [ '1.11.1' ],
85 silly audit   '@unrs/resolver-binding-linux-x64-gnu': [ '1.11.1' ],
85 silly audit   '@unrs/resolver-binding-linux-x64-musl': [ '1.11.1' ],
85 silly audit   '@unrs/resolver-binding-wasm32-wasi': [ '1.11.1' ],
85 silly audit   '@unrs/resolver-binding-win32-arm64-msvc': [ '1.11.1' ],
85 silly audit   '@unrs/resolver-binding-win32-ia32-msvc': [ '1.11.1' ],
85 silly audit   '@unrs/resolver-binding-win32-x64-msvc': [ '1.11.1' ],
85 silly audit   '@urql/core': [ '5.2.0' ],
85 silly audit   '@urql/exchange-retry': [ '1.3.2' ],
85 silly audit   '@xmldom/xmldom': [ '0.8.13', '0.9.10' ],
85 silly audit   'abort-controller': [ '3.0.0' ],
85 silly audit   accepts: [ '1.3.8' ],
85 silly audit   acorn: [ '8.16.0' ],
85 silly audit   'acorn-jsx': [ '5.3.2' ],
85 silly audit   'agent-base': [ '7.1.4' ],
85 silly audit   ajv: [ '6.15.0' ],
85 silly audit   anser: [ '1.4.10' ],
85 silly audit   'ansi-escapes': [ '4.3.2' ],
85 silly audit   'type-fest': [ '0.21.3', '0.7.1' ],
85 silly audit   'ansi-regex': [ '5.0.1', '4.1.1' ],
85 silly audit   'any-promise': [ '1.3.0' ],
85 silly audit   anymatch: [ '3.1.3' ],
85 silly audit   picomatch: [ '2.3.2', '4.0.4' ],
85 silly audit   arg: [ '5.0.2' ],
85 silly audit   'aria-hidden': [ '1.2.6' ],
85 silly audit   'array-buffer-byte-length': [ '1.0.2' ],
85 silly audit   'array-includes': [ '3.1.9' ],
85 silly audit   'array.prototype.findlast': [ '1.2.5' ],
85 silly audit   'array.prototype.findlastindex': [ '1.2.6' ],
85 silly audit   'array.prototype.flat': [ '1.3.3' ],
85 silly audit   'array.prototype.flatmap': [ '1.3.3' ],
85 silly audit   'array.prototype.tosorted': [ '1.1.4' ],
85 silly audit   'arraybuffer.prototype.slice': [ '1.0.4' ],
85 silly audit   asap: [ '2.0.6' ],
85 silly audit   'async-function': [ '1.0.0' ],
85 silly audit   'async-limiter': [ '1.0.1' ],
85 silly audit   'available-typed-arrays': [ '1.0.7' ],
85 silly audit   'babel-jest': [ '29.7.0' ],
85 silly audit   'babel-plugin-istanbul': [ '6.1.1' ],
85 silly audit   'babel-plugin-jest-hoist': [ '29.6.3' ],
85 silly audit   'babel-plugin-polyfill-corejs2': [ '0.4.17' ],
85 silly audit   'babel-plugin-polyfill-corejs3': [ '0.13.0' ],
85 silly audit   'babel-plugin-polyfill-regenerator': [ '0.6.8' ],
85 silly audit   'babel-plugin-react-compiler': [ '1.0.0' ],
85 silly audit   'babel-plugin-react-native-web': [ '0.21.2' ],
85 silly audit   'babel-plugin-syntax-hermes-parser': [ '0.29.1' ],
85 silly audit   'babel-plugin-transform-flow-enums': [ '0.0.2' ],
85 silly audit   'babel-preset-current-node-syntax': [ '1.2.0' ],
85 silly audit   'babel-preset-expo': [ '54.0.10' ],
85 silly audit   'babel-preset-jest': [ '29.6.3' ],
85 silly audit   'base64-js': [ '1.5.1' ],
85 silly audit   'baseline-browser-mapping': [ '2.10.25' ],
85 silly audit   'better-opn': [ '3.0.2' ],
85 silly audit   open: [ '8.4.2', '7.4.2' ],
85 silly audit   'big-integer': [ '1.6.52' ],
85 silly audit   'bplist-creator': [ '0.1.0' ],
85 silly audit   'bplist-parser': [ '0.3.1' ],
85 silly audit   braces: [ '3.0.3' ],
85 silly audit   browserslist: [ '4.28.2' ],
85 silly audit   bser: [ '2.1.1' ],
85 silly audit   buffer: [ '5.7.1' ],
85 silly audit   'buffer-from': [ '1.1.2' ],
85 silly audit   bytes: [ '3.1.2' ],
85 silly audit   'call-bind': [ '1.0.9' ],
85 silly audit   'call-bind-apply-helpers': [ '1.0.2' ],
85 silly audit   'call-bound': [ '1.0.4' ],
85 silly audit   callsites: [ '3.1.0' ],
85 silly audit   'caniuse-lite': [ '1.0.30001791' ],
85 silly audit   chownr: [ '3.0.0' ],
85 silly audit   'chrome-launcher': [ '0.15.2' ],
85 silly audit   'chromium-edge-launcher': [ '0.2.0' ],
85 silly audit   'ci-info': [ '2.0.0', '3.9.0' ],
85 silly audit   'cli-cursor': [ '2.1.0' ],
85 silly audit   'cli-spinners': [ '2.9.2' ],
85 silly audit   'client-only': [ '0.0.1' ],
85 silly audit   cliui: [ '8.0.1' ],
85 silly audit   clone: [ '1.0.4' ],
85 silly audit   color: [ '4.2.3' ],
85 silly audit   'color-string': [ '1.9.1' ],
85 silly audit   commander: [ '7.2.0', '12.1.0', '4.1.1', '2.20.3' ],
85 silly audit   compressible: [ '2.0.18' ],
85 silly audit   compression: [ '1.8.1' ],
85 silly audit   ms: [ '2.0.0', '2.1.3' ],
85 silly audit   negotiator: [ '0.6.4', '0.6.3' ],
85 silly audit   'concat-map': [ '0.0.1' ],
85 silly audit   connect: [ '3.7.0' ],
85 silly audit   'convert-source-map': [ '2.0.0' ],
85 silly audit   'core-js-compat': [ '3.49.0' ],
85 silly audit   'cross-fetch': [ '3.2.0' ],
85 silly audit   'cross-spawn': [ '7.0.6' ],
85 silly audit   'css-in-js-utils': [ '3.1.0' ],
85 silly audit   csstype: [ '3.2.3' ],
85 silly audit   'data-view-buffer': [ '1.0.2' ],
85 silly audit   'data-view-byte-length': [ '1.0.2' ],
85 silly audit   'data-view-byte-offset': [ '1.0.1' ],
85 silly audit   'decode-uri-component': [ '0.2.2' ],
85 silly audit   'deep-extend': [ '0.6.0' ],
85 silly audit   'deep-is': [ '0.1.4' ],
85 silly audit   deepmerge: [ '4.3.1' ],
85 silly audit   defaults: [ '1.0.4' ],
85 silly audit   'define-data-property': [ '1.1.4' ],
85 silly audit   'define-lazy-prop': [ '2.0.0' ],
85 silly audit   'define-properties': [ '1.2.1' ],
85 silly audit   depd: [ '2.0.0' ],
85 silly audit   destroy: [ '1.2.0' ],
85 silly audit   'detect-libc': [ '2.1.2' ],
85 silly audit   'detect-node-es': [ '1.1.0' ],
85 silly audit   doctrine: [ '2.1.0' ],
85 silly audit   dotenv: [ '16.4.7' ],
85 silly audit   'dotenv-expand': [ '11.0.7' ],
85 silly audit   'dunder-proto': [ '1.0.1' ],
85 silly audit   'ee-first': [ '1.1.1' ],
85 silly audit   'electron-to-chromium': [ '1.5.349' ],
85 silly audit   'emoji-regex': [ '8.0.0' ],
85 silly audit   encodeurl: [ '1.0.2', '2.0.0' ],
85 silly audit   'env-editor': [ '0.4.2' ],
85 silly audit   'error-stack-parser': [ '2.1.4' ],
85 silly audit   'es-abstract': [ '1.24.2' ],
85 silly audit   'es-define-property': [ '1.0.1' ],
85 silly audit   'es-errors': [ '1.3.0' ],
85 silly audit   'es-iterator-helpers': [ '1.3.2' ],
85 silly audit   'es-object-atoms': [ '1.1.1' ],
85 silly audit   'es-set-tostringtag': [ '2.1.0' ],
85 silly audit   'es-shim-unscopables': [ '1.1.0' ],
85 silly audit   'es-to-primitive': [ '1.3.0' ],
85 silly audit   escalade: [ '3.2.0' ],
85 silly audit   'escape-html': [ '1.0.3' ],
85 silly audit   eslint: [ '9.39.4' ],
85 silly audit   'eslint-config-expo': [ '10.0.0' ],
85 silly audit   globals: [ '16.5.0', '14.0.0' ],
85 silly audit   'eslint-import-resolver-node': [ '0.3.10' ],
85 silly audit   'eslint-import-resolver-typescript': [ '3.10.1' ],
85 silly audit   'eslint-module-utils': [ '2.12.1' ],
85 silly audit   'eslint-plugin-expo': [ '1.0.0' ],
85 silly audit   'eslint-plugin-import': [ '2.32.0' ],
85 silly audit   'eslint-plugin-react': [ '7.37.5' ],
85 silly audit   'eslint-plugin-react-hooks': [ '5.2.0' ],
85 silly audit   'eslint-scope': [ '8.4.0' ],
85 silly audit   espree: [ '10.4.0' ],
85 silly audit   esprima: [ '4.0.1' ],
85 silly audit   esquery: [ '1.7.0' ],
85 silly audit   esrecurse: [ '4.3.0' ],
85 silly audit   estraverse: [ '5.3.0' ],
85 silly audit   esutils: [ '2.0.3' ],
85 silly audit   etag: [ '1.8.1' ],
85 silly audit   'event-target-shim': [ '5.0.1' ],
85 silly audit   expo: [ '54.0.34' ],
85 silly audit   'expo-asset': [ '12.0.13' ],
85 silly audit   'expo-constants': [ '18.0.13' ],
85 silly audit   'expo-file-system': [ '19.0.22' ],
85 silly audit   'expo-font': [ '14.0.11' ],
85 silly audit   'expo-haptics': [ '15.0.8' ],
85 silly audit   'expo-image': [ '3.0.11' ],
85 silly audit   'expo-keep-awake': [ '15.0.8' ],
85 silly audit   'expo-linking': [ '8.0.12' ],
85 silly audit   'expo-modules-autolinking': [ '3.0.25' ],
85 silly audit   'expo-modules-core': [ '3.0.30' ],
85 silly audit   'expo-router': [ '6.0.23' ],
85 silly audit   '@radix-ui/react-collection': [ '1.1.7' ],
85 silly audit   '@radix-ui/react-presence': [ '1.1.5' ],
85 silly audit   '@radix-ui/react-primitive': [ '2.1.3' ],
85 silly audit   '@radix-ui/react-roving-focus': [ '1.1.11' ],
85 silly audit   '@radix-ui/react-tabs': [ '1.1.13' ],
85 silly audit   'expo-server': [ '1.0.6' ],
85 silly audit   'expo-splash-screen': [ '31.0.13' ],
85 silly audit   'expo-status-bar': [ '3.0.9' ],
85 silly audit   'expo-symbols': [ '1.0.8' ],
85 silly audit   'expo-system-ui': [ '6.0.9' ],
85 silly audit   'expo-web-browser': [ '15.0.11' ],
85 silly audit   '@expo/cli': [ '54.0.24' ],
85 silly audit   'exponential-backoff': [ '3.1.3' ],
85 silly audit   'fast-deep-equal': [ '3.1.3' ],
85 silly audit   'fast-json-stable-stringify': [ '2.1.0' ],
85 silly audit   'fast-levenshtein': [ '2.0.6' ],
85 silly audit   'fb-watchman': [ '2.0.2' ],
85 silly audit   fbjs: [ '3.0.5' ],
85 silly audit   'fbjs-css-vars': [ '1.0.2' ],
85 silly audit   promise: [ '7.3.1', '8.3.0' ],
85 silly audit   fdir: [ '6.5.0' ],
85 silly audit   'file-entry-cache': [ '8.0.0' ],
85 silly audit   'fill-range': [ '7.1.1' ],
85 silly audit   'filter-obj': [ '1.1.0' ],
85 silly audit   finalhandler: [ '1.1.2' ],
85 silly audit   'flat-cache': [ '4.0.1' ],
85 silly audit   flatted: [ '3.4.2' ],
85 silly audit   'flow-enums-runtime': [ '0.0.6' ],
85 silly audit   fontfaceobserver: [ '2.3.0' ],
85 silly audit   'for-each': [ '0.3.5' ],
85 silly audit   'freeport-async': [ '2.0.0' ],
85 silly audit   fresh: [ '0.5.2' ],
85 silly audit   'fs.realpath': [ '1.0.0' ],
85 silly audit   fsevents: [ '2.3.3' ],
85 silly audit   'function-bind': [ '1.1.2' ],
85 silly audit   'function.prototype.name': [ '1.1.8' ],
85 silly audit   'functions-have-names': [ '1.2.3' ],
85 silly audit   'generator-function': [ '2.0.1' ],
85 silly audit   gensync: [ '1.0.0-beta.2' ],
85 silly audit   'get-caller-file': [ '2.0.5' ],
85 silly audit   'get-intrinsic': [ '1.3.0' ],
85 silly audit   'get-nonce': [ '1.0.1' ],
85 silly audit   'get-package-type': [ '0.1.0' ],
85 silly audit   'get-proto': [ '1.0.1' ],
85 silly audit   'get-symbol-description': [ '1.1.0' ],
85 silly audit   'get-tsconfig': [ '4.14.0' ],
85 silly audit   getenv: [ '2.0.0' ],
85 silly audit   'glob-parent': [ '6.0.2' ],
85 silly audit   globalthis: [ '1.0.4' ],
85 silly audit   gopd: [ '1.2.0' ],
85 silly audit   'graceful-fs': [ '4.2.11' ],
85 silly audit   'has-bigints': [ '1.1.0' ],
85 silly audit   'has-property-descriptors': [ '1.0.2' ],
85 silly audit   'has-proto': [ '1.2.0' ],
85 silly audit   'has-symbols': [ '1.1.0' ],
85 silly audit   'has-tostringtag': [ '1.0.2' ],
85 silly audit   hasown: [ '2.0.3' ],
85 silly audit   'hermes-estree': [ '0.29.1', '0.32.0' ],
85 silly audit   'hermes-parser': [ '0.29.1', '0.32.0' ],
85 silly audit   'hoist-non-react-statics': [ '3.3.2' ],
85 silly audit   'react-is': [ '16.13.1', '18.3.1', '19.2.5' ],
85 silly audit   'hosted-git-info': [ '7.0.2' ],
85 silly audit   'lru-cache': [ '10.4.3', '5.1.1', '11.3.5' ],
85 silly audit   'http-errors': [ '2.0.1' ],
85 silly audit   statuses: [ '2.0.2', '1.5.0' ],
85 silly audit   'https-proxy-agent': [ '7.0.6' ],
85 silly audit   'hyphenate-style-name': [ '1.1.0' ],
85 silly audit   ieee754: [ '1.2.1' ],
85 silly audit   'image-size': [ '1.2.1' ],
85 silly audit   'import-fresh': [ '3.3.1' ],
85 silly audit   'resolve-from': [ '4.0.0', '5.0.0' ],
85 silly audit   imurmurhash: [ '0.1.4' ],
85 silly audit   inflight: [ '1.0.6' ],
85 silly audit   inherits: [ '2.0.4' ],
85 silly audit   ini: [ '1.3.8' ],
85 silly audit   'inline-style-prefixer': [ '7.0.1' ],
85 silly audit   'internal-slot': [ '1.1.0' ],
85 silly audit   invariant: [ '2.2.4' ],
85 silly audit   'is-array-buffer': [ '3.0.5' ],
85 silly audit   'is-arrayish': [ '0.3.4' ],
85 silly audit   'is-async-function': [ '2.1.1' ],
85 silly audit   'is-bigint': [ '1.1.0' ],
85 silly audit   'is-boolean-object': [ '1.2.2' ],
85 silly audit   'is-bun-module': [ '2.0.0' ],
85 silly audit   'is-callable': [ '1.2.7' ],
85 silly audit   'is-core-module': [ '2.16.1' ],
85 silly audit   'is-data-view': [ '1.0.2' ],
85 silly audit   'is-date-object': [ '1.1.0' ],
85 silly audit   'is-docker': [ '2.2.1' ],
85 silly audit   'is-extglob': [ '2.1.1' ],
85 silly audit   'is-finalizationregistry': [ '1.1.1' ],
85 silly audit   'is-fullwidth-code-point': [ '3.0.0' ],
85 silly audit   'is-generator-function': [ '1.1.2' ],
85 silly audit   'is-glob': [ '4.0.3' ],
85 silly audit   'is-map': [ '2.0.3' ],
85 silly audit   'is-negative-zero': [ '2.0.3' ],
85 silly audit   'is-number': [ '7.0.0' ],
85 silly audit   'is-number-object': [ '1.1.1' ],
85 silly audit   'is-regex': [ '1.2.1' ],
85 silly audit   'is-set': [ '2.0.3' ],
85 silly audit   'is-shared-array-buffer': [ '1.0.4' ],
85 silly audit   'is-string': [ '1.1.1' ],
85 silly audit   'is-symbol': [ '1.1.1' ],
85 silly audit   'is-typed-array': [ '1.1.15' ],
85 silly audit   'is-weakmap': [ '2.0.2' ],
85 silly audit   'is-weakref': [ '1.1.1' ],
85 silly audit   'is-weakset': [ '2.0.4' ],
85 silly audit   'is-wsl': [ '2.2.0' ],
85 silly audit   isarray: [ '2.0.5' ],
85 silly audit   isexe: [ '2.0.0' ],
85 silly audit   'istanbul-lib-coverage': [ '3.2.2' ],
85 silly audit   'istanbul-lib-instrument': [ '5.2.1' ],
85 silly audit   'iterator.prototype': [ '1.1.5' ],
85 silly audit   'jest-environment-node': [ '29.7.0' ],
85 silly audit   'jest-get-type': [ '29.6.3' ],
85 silly audit   'jest-haste-map': [ '29.7.0' ],
85 silly audit   'jest-message-util': [ '29.7.0' ],
85 silly audit   'jest-mock': [ '29.7.0' ],
85 silly audit   'jest-regex-util': [ '29.6.3' ],
85 silly audit   'jest-util': [ '29.7.0' ],
85 silly audit   'jest-validate': [ '29.7.0' ],
85 silly audit   'jest-worker': [ '29.7.0' ],
85 silly audit   'jimp-compact': [ '0.16.1' ],
85 silly audit   'js-tokens': [ '4.0.0' ],
85 silly audit   'jsc-safe-url': [ '0.2.4' ],
85 silly audit   jsesc: [ '3.1.0' ],
85 silly audit   'json-buffer': [ '3.0.1' ],
85 silly audit   'json-schema-traverse': [ '0.4.1' ],
85 silly audit   'json-stable-stringify-without-jsonify': [ '1.0.1' ],
85 silly audit   json5: [ '2.2.3', '1.0.2' ],
85 silly audit   'jsx-ast-utils': [ '3.3.5' ],
85 silly audit   keyv: [ '4.5.4' ],
85 silly audit   kleur: [ '3.0.3' ],
85 silly audit   'lan-network': [ '0.2.1' ],
85 silly audit   leven: [ '3.1.0' ],
85 silly audit   levn: [ '0.4.1' ],
85 silly audit   'lighthouse-logger': [ '1.4.2' ],
85 silly audit   lightningcss: [ '1.32.0' ],
85 silly audit   'lightningcss-android-arm64': [ '1.32.0' ],
85 silly audit   'lightningcss-darwin-arm64': [ '1.32.0' ],
85 silly audit   'lightningcss-darwin-x64': [ '1.32.0' ],
85 silly audit   'lightningcss-freebsd-x64': [ '1.32.0' ],
85 silly audit   'lightningcss-linux-arm-gnueabihf': [ '1.32.0' ],
85 silly audit   'lightningcss-linux-arm64-gnu': [ '1.32.0' ],
85 silly audit   'lightningcss-linux-arm64-musl': [ '1.32.0' ],
85 silly audit   'lightningcss-linux-x64-gnu': [ '1.32.0' ],
85 silly audit   'lightningcss-linux-x64-musl': [ '1.32.0' ],
85 silly audit   'lightningcss-win32-arm64-msvc': [ '1.32.0' ],
85 silly audit   'lightningcss-win32-x64-msvc': [ '1.32.0' ],
85 silly audit   'lines-and-columns': [ '1.2.4' ],
85 silly audit   'lodash.debounce': [ '4.0.8' ],
85 silly audit   'lodash.merge': [ '4.6.2' ],
85 silly audit   'lodash.throttle': [ '4.1.1' ],
85 silly audit   'log-symbols': [ '2.2.0' ],
85 silly audit   'loose-envify': [ '1.4.0' ],
85 silly audit   makeerror: [ '1.0.12' ],
85 silly audit   marky: [ '1.3.0' ],
85 silly audit   'math-intrinsics': [ '1.1.0' ],
85 silly audit   'memoize-one': [ '5.2.1', '6.0.0' ],
85 silly audit   'merge-stream': [ '2.0.0' ],
85 silly audit   metro: [ '0.83.3' ],
85 silly audit   'metro-babel-transformer': [ '0.83.3' ],
85 silly audit   'metro-cache': [ '0.83.3' ],
85 silly audit   'metro-cache-key': [ '0.83.3' ],
85 silly audit   'metro-config': [ '0.83.3' ],
85 silly audit   'metro-core': [ '0.83.3' ],
85 silly audit   'metro-file-map': [ '0.83.3' ],
85 silly audit   'metro-minify-terser': [ '0.83.3' ],
85 silly audit   'metro-resolver': [ '0.83.3' ],
85 silly audit   'metro-runtime': [ '0.83.3' ],
85 silly audit   'metro-source-map': [ '0.83.3' ],
85 silly audit   'metro-symbolicate': [ '0.83.3' ],
85 silly audit   'metro-transform-plugins': [ '0.83.3' ],
85 silly audit   'metro-transform-worker': [ '0.83.3' ],
85 silly audit   micromatch: [ '4.0.8' ],
85 silly audit   mime: [ '1.6.0' ],
85 silly audit   'mime-db': [ '1.52.0' ],
85 silly audit   'mime-types': [ '2.1.35' ],
85 silly audit   'mimic-fn': [ '1.2.0' ],
85 silly audit   minimist: [ '1.2.8' ],
85 silly audit   minipass: [ '7.1.3' ],
85 silly audit   minizlib: [ '3.1.0' ],
85 silly audit   mkdirp: [ '1.0.4' ],
85 silly audit   mz: [ '2.7.0' ],
85 silly audit   nanoid: [ '3.3.12' ],
85 silly audit   'napi-postinstall': [ '0.3.4' ],
85 silly audit   'natural-compare': [ '1.4.0' ],
85 silly audit   'nested-error-stacks': [ '2.0.1' ],
85 silly audit   'node-exports-info': [ '1.6.0' ],
85 silly audit   'node-fetch': [ '2.7.0' ],
85 silly audit   'node-forge': [ '1.4.0' ],
85 silly audit   'node-int64': [ '0.4.0' ],
85 silly audit   'node-releases': [ '2.0.38' ],
85 silly audit   'normalize-path': [ '3.0.0' ],
85 silly audit   'npm-package-arg': [ '11.0.3' ],
85 silly audit   nullthrows: [ '1.1.1' ],
85 silly audit   ob1: [ '0.83.3' ],
85 silly audit   'object-assign': [ '4.1.1' ],
85 silly audit   'object-inspect': [ '1.13.4' ],
85 silly audit   'object-keys': [ '1.1.1' ],
85 silly audit   'object.assign': [ '4.1.7' ],
85 silly audit   'object.entries': [ '1.1.9' ],
85 silly audit   'object.fromentries': [ '2.0.8' ],
85 silly audit   'object.groupby': [ '1.0.3' ],
85 silly audit   'object.values': [ '1.2.1' ],
85 silly audit   'on-finished': [ '2.3.0', '2.4.1' ],
85 silly audit   'on-headers': [ '1.1.0' ],
85 silly audit   once: [ '1.4.0' ],
85 silly audit   onetime: [ '2.0.1' ],
85 silly audit   optionator: [ '0.9.4' ],
85 silly audit   ora: [ '3.4.0' ],
85 silly audit   'strip-ansi': [ '5.2.0', '6.0.1' ],
85 silly audit   'own-keys': [ '1.0.1' ],
85 silly audit   'p-try': [ '2.2.0' ],
85 silly audit   'parent-module': [ '1.0.1' ],
85 silly audit   'parse-png': [ '2.1.0' ],
85 silly audit   parseurl: [ '1.3.3' ],
85 silly audit   'path-exists': [ '4.0.0' ],
85 silly audit   'path-is-absolute': [ '1.0.1' ],
85 silly audit   'path-key': [ '3.1.1' ],
85 silly audit   'path-parse': [ '1.0.7' ],
85 silly audit   'path-scurry': [ '2.0.2' ],
85 silly audit   picocolors: [ '1.1.1' ],
85 silly audit   pirates: [ '4.0.7' ],
85 silly audit   plist: [ '3.1.1' ],
85 silly audit   pngjs: [ '3.4.0' ],
85 silly audit   'possible-typed-array-names': [ '1.1.0' ],
85 silly audit   postcss: [ '8.4.49' ],
85 silly audit   'postcss-value-parser': [ '4.2.0' ],
85 silly audit   'prelude-ls': [ '1.2.1' ],
85 silly audit   'pretty-bytes': [ '5.6.0' ],
85 silly audit   'pretty-format': [ '29.7.0' ],
85 silly audit   'proc-log': [ '4.2.0' ],
85 silly audit   progress: [ '2.0.3' ],
85 silly audit   prompts: [ '2.4.2' ],
85 silly audit   'prop-types': [ '15.8.1' ],
85 silly audit   punycode: [ '2.3.1' ],
85 silly audit   'qrcode-terminal': [ '0.11.0' ],
85 silly audit   'query-string': [ '7.1.3' ],
85 silly audit   queue: [ '6.0.2' ],
85 silly audit   'range-parser': [ '1.2.1' ],
85 silly audit   rc: [ '1.2.8' ],
85 silly audit   'strip-json-comments': [ '2.0.1', '3.1.1' ],
85 silly audit   react: [ '19.1.0' ],
85 silly audit   'react-devtools-core': [ '6.1.5' ],
85 silly audit   'react-dom': [ '19.1.0' ],
85 silly audit   'react-fast-compare': [ '3.2.2' ],
85 silly audit   'react-freeze': [ '1.0.4' ],
85 silly audit   'react-native': [ '0.81.5' ],
85 silly audit   'react-native-gesture-handler': [ '2.28.0' ],
85 silly audit   'react-native-is-edge-to-edge': [ '1.3.1' ],
85 silly audit   'react-native-reanimated': [ '4.1.7' ],
85 silly audit   'react-native-safe-area-context': [ '5.6.2' ],
85 silly audit   'react-native-screens': [ '4.16.0' ],
85 silly audit   'react-native-web': [ '0.21.2' ],
85 silly audit   'react-native-worklets': [ '0.5.1' ],
85 silly audit   '@react-native/virtualized-lists': [ '0.81.5' ],
85 silly audit   'react-refresh': [ '0.14.2' ],
85 silly audit   'react-remove-scroll': [ '2.7.2' ],
85 silly audit   'react-remove-scroll-bar': [ '2.3.8' ],
85 silly audit   'react-style-singleton': [ '2.2.3' ],
85 silly audit   'reflect.getprototypeof': [ '1.0.10' ],
85 silly audit   regenerate: [ '1.4.2' ],
85 silly audit   'regenerate-unicode-properties': [ '10.2.2' ],
85 silly audit   'regenerator-runtime': [ '0.13.11' ],
85 silly audit   'regexp.prototype.flags': [ '1.5.4' ],
85 silly audit   'regexpu-core': [ '6.4.0' ],
85 silly audit   regjsgen: [ '0.8.0' ],
85 silly audit   regjsparser: [ '0.13.1' ],
85 silly audit   'require-directory': [ '2.1.1' ],
85 silly audit   'require-from-string': [ '2.0.2' ],
85 silly audit   requireg: [ '0.2.2' ],
85 silly audit   'resolve-pkg-maps': [ '1.0.0' ],
85 silly audit   'resolve-workspace-root': [ '2.0.1' ],
85 silly audit   'resolve.exports': [ '2.0.3' ],
85 silly audit   'restore-cursor': [ '2.0.0' ],
85 silly audit   rimraf: [ '3.0.2' ],
85 silly audit   'safe-array-concat': [ '1.1.4' ],
85 silly audit   'safe-buffer': [ '5.2.1' ],
85 silly audit   'safe-push-apply': [ '1.0.0' ],
85 silly audit   'safe-regex-test': [ '1.1.0' ],
85 silly audit   sax: [ '1.6.0' ],
85 silly audit   scheduler: [ '0.26.0' ],
85 silly audit   send: [ '0.19.2' ],
85 silly audit   'serialize-error': [ '2.1.0' ],
85 silly audit   'serve-static': [ '1.16.3' ],
85 silly audit   'server-only': [ '0.0.1' ],
85 silly audit   'set-function-length': [ '1.2.2' ],
85 silly audit   'set-function-name': [ '2.0.2' ],
85 silly audit   'set-proto': [ '1.0.0' ],
85 silly audit   setimmediate: [ '1.0.5' ],
85 silly audit   setprototypeof: [ '1.2.0' ],
85 silly audit   'sf-symbols-typescript': [ '2.2.0' ],
85 silly audit   shallowequal: [ '1.1.0' ],
85 silly audit   'shebang-command': [ '2.0.0' ],
85 silly audit   'shebang-regex': [ '3.0.0' ],
85 silly audit   'shell-quote': [ '1.8.3' ],
85 silly audit   'side-channel': [ '1.1.0' ],
85 silly audit   'side-channel-list': [ '1.0.1' ],
85 silly audit   'side-channel-map': [ '1.0.1' ],
85 silly audit   'side-channel-weakmap': [ '1.0.2' ],
85 silly audit   'signal-exit': [ '3.0.7' ],
85 silly audit   'simple-plist': [ '1.3.1' ],
85 silly audit   'simple-swizzle': [ '0.2.4' ],
85 silly audit   sisteransi: [ '1.0.5' ],
85 silly audit   slash: [ '3.0.0' ],
85 silly audit   slugify: [ '1.6.9' ],
85 silly audit   'source-map': [ '0.5.7', '0.6.1' ],
85 silly audit   'source-map-js': [ '1.2.1' ],
85 silly audit   'source-map-support': [ '0.5.21' ],
85 silly audit   'split-on-first': [ '1.1.0' ],
85 silly audit   'sprintf-js': [ '1.0.3' ],
85 silly audit   'stable-hash': [ '0.0.5' ],
85 silly audit   'stack-utils': [ '2.0.6' ],
85 silly audit   stackframe: [ '1.3.4' ],
85 silly audit   'stacktrace-parser': [ '0.1.11' ],
85 silly audit   'stop-iteration-iterator': [ '1.1.0' ],
85 silly audit   'stream-buffers': [ '2.2.0' ],
85 silly audit   'strict-uri-encode': [ '2.0.0' ],
85 silly audit   'string-width': [ '4.2.3' ],
85 silly audit   'string.prototype.matchall': [ '4.0.12' ],
85 silly audit   'string.prototype.repeat': [ '1.0.0' ],
85 silly audit   'string.prototype.trim': [ '1.2.10' ],
85 silly audit   'string.prototype.trimend': [ '1.0.9' ],
85 silly audit   'string.prototype.trimstart': [ '1.0.8' ],
85 silly audit   'strip-bom': [ '3.0.0' ],
85 silly audit   'structured-headers': [ '0.4.1' ],
85 silly audit   styleq: [ '0.1.3' ],
85 silly audit   sucrase: [ '3.35.1' ],
85 silly audit   'supports-hyperlinks': [ '2.3.0' ],
85 silly audit   'supports-preserve-symlinks-flag': [ '1.0.0' ],
85 silly audit   tar: [ '7.5.13' ],
85 silly audit   yallist: [ '5.0.0', '3.1.1' ],
85 silly audit   'terminal-link': [ '2.1.1' ],
85 silly audit   terser: [ '5.46.2' ],
85 silly audit   'test-exclude': [ '6.0.0' ],
85 silly audit   thenify: [ '3.3.1' ],
85 silly audit   'thenify-all': [ '1.6.0' ],
85 silly audit   throat: [ '5.0.0' ],
85 silly audit   tinyglobby: [ '0.2.16' ],
85 silly audit   tmpl: [ '1.0.5' ],
85 silly audit   'to-regex-range': [ '5.0.1' ],
85 silly audit   toidentifier: [ '1.0.1' ],
85 silly audit   tr46: [ '0.0.3' ],
85 silly audit   'ts-api-utils': [ '2.5.0' ],
85 silly audit   'ts-interface-checker': [ '0.1.13' ],
85 silly audit   'tsconfig-paths': [ '3.15.0' ],
85 silly audit   tslib: [ '2.8.1' ],
85 silly audit   'type-check': [ '0.4.0' ],
85 silly audit   'type-detect': [ '4.0.8' ],
85 silly audit   'typed-array-buffer': [ '1.0.3' ],
85 silly audit   'typed-array-byte-length': [ '1.0.3' ],
85 silly audit   'typed-array-byte-offset': [ '1.0.4' ],
85 silly audit   'typed-array-length': [ '1.0.7' ],
85 silly audit   typescript: [ '5.9.3' ],
85 silly audit   'ua-parser-js': [ '1.0.41' ],
85 silly audit   'unbox-primitive': [ '1.1.0' ],
85 silly audit   undici: [ '6.25.0' ],
85 silly audit   'undici-types': [ '7.19.2' ],
85 silly audit   'unicode-canonical-property-names-ecmascript': [ '2.0.1' ],
85 silly audit   'unicode-match-property-ecmascript': [ '2.0.0' ],
85 silly audit   'unicode-match-property-value-ecmascript': [ '2.2.1' ],
85 silly audit   'unicode-property-aliases-ecmascript': [ '2.2.0' ],
85 silly audit   unpipe: [ '1.0.0' ],
85 silly audit   'unrs-resolver': [ '1.11.1' ],
85 silly audit   'update-browserslist-db': [ '1.2.3' ],
85 silly audit   'uri-js': [ '4.4.1' ],
85 silly audit   'use-callback-ref': [ '1.3.3' ],
85 silly audit   'use-latest-callback': [ '0.2.6' ],
85 silly audit   'use-sidecar': [ '1.1.3' ],
85 silly audit   'use-sync-external-store': [ '1.6.0' ],
85 silly audit   'utils-merge': [ '1.0.1' ],
85 silly audit   uuid: [ '7.0.3' ],
85 silly audit   'validate-npm-package-name': [ '5.0.1' ],
85 silly audit   vary: [ '1.1.2' ],
85 silly audit   vaul: [ '1.1.2' ],
85 silly audit   '@radix-ui/react-dialog': [ '1.1.15' ],
85 silly audit   '@radix-ui/react-dismissable-layer': [ '1.1.11' ],
85 silly audit   '@radix-ui/react-focus-scope': [ '1.1.7' ],
85 silly audit   '@radix-ui/react-portal': [ '1.1.9' ],
85 silly audit   vlq: [ '1.0.1' ],
85 silly audit   walker: [ '1.0.8' ],
85 silly audit   'warn-once': [ '0.1.1' ],
85 silly audit   wcwidth: [ '1.0.1' ],
85 silly audit   'webidl-conversions': [ '3.0.1', '5.0.0' ],
85 silly audit   'whatwg-fetch': [ '3.6.20' ],
85 silly audit   'whatwg-url': [ '5.0.0' ],
85 silly audit   'whatwg-url-without-unicode': [ '8.0.0-3' ],
85 silly audit   which: [ '2.0.2' ],
85 silly audit   'which-boxed-primitive': [ '1.1.1' ],
85 silly audit   'which-builtin-type': [ '1.2.1' ],
85 silly audit   'which-collection': [ '1.0.2' ],
85 silly audit   'which-typed-array': [ '1.1.20' ],
85 silly audit   wonka: [ '6.3.6' ],
85 silly audit   'word-wrap': [ '1.2.5' ],
85 silly audit   'wrap-ansi': [ '7.0.0' ],
85 silly audit   wrappy: [ '1.0.2' ],
85 silly audit   'write-file-atomic': [ '4.0.2' ],
85 silly audit   xcode: [ '3.0.1' ],
85 silly audit   xml2js: [ '0.6.0' ],
85 silly audit   xmlbuilder: [ '11.0.1', '15.1.1' ],
85 silly audit   y18n: [ '5.0.8' ],
85 silly audit   yaml: [ '2.8.4' ],
85 silly audit   yargs: [ '17.7.2' ],
85 silly audit   'yargs-parser': [ '21.1.1' ],
85 silly audit   'yocto-queue': [ '0.1.0' ],
85 silly audit   '@react-navigation/native': [ '7.2.2' ],
85 silly audit   '@react-navigation/stack': [ '7.8.11' ],
85 silly audit   'expo-audio': [ '1.1.1' ],
85 silly audit   'expo-video': [ '3.0.16' ]
85 silly audit }
86 http cache expo-video@https://registry.npmjs.org/expo-video/-/expo-video-3.0.16.tgz 0ms (cache hit)
87 http cache fsevents@https://registry.npmjs.org/fsevents/-/fsevents-2.3.3.tgz 0ms (cache hit)
88 http cache expo-audio@https://registry.npmjs.org/expo-audio/-/expo-audio-1.1.1.tgz 0ms (cache hit)
89 http cache @react-navigation/stack@https://registry.npmjs.org/@react-navigation/stack/-/stack-7.8.11.tgz 0ms (cache hit)
90 silly tarball no local data for expo-video@https://registry.npmjs.org/expo-video/-/expo-video-3.0.16.tgz. Extracting by manifest.
91 silly tarball no local data for fsevents@https://registry.npmjs.org/fsevents/-/fsevents-2.3.3.tgz. Extracting by manifest.
92 silly tarball no local data for expo-audio@https://registry.npmjs.org/expo-audio/-/expo-audio-1.1.1.tgz. Extracting by manifest.
93 silly tarball no local data for @react-navigation/stack@https://registry.npmjs.org/@react-navigation/stack/-/stack-7.8.11.tgz. Extracting by manifest.
94 http fetch GET 200 https://registry.npmjs.org/expo-video/-/expo-video-3.0.16.tgz 78ms (cache miss)
95 http fetch GET 200 https://registry.npmjs.org/fsevents/-/fsevents-2.3.3.tgz 85ms (cache miss)
96 http fetch GET 200 https://registry.npmjs.org/expo-audio/-/expo-audio-1.1.1.tgz 146ms (cache miss)
97 http fetch POST 200 https://registry.npmjs.org/-/npm/v1/security/advisories/bulk 216ms
98 silly audit report {
98 silly audit report   postcss: [
98 silly audit report     {
98 silly audit report       id: 1117015,
98 silly audit report       url: 'https://github.com/advisories/GHSA-qx2v-qp2m-jg93',
98 silly audit report       title: 'PostCSS has XSS via Unescaped </style> in its CSS Stringify Output',
98 silly audit report       severity: 'moderate',
98 silly audit report       vulnerable_versions: '<8.5.10',
98 silly audit report       cwe: [Array],
98 silly audit report       cvss: [Object]
98 silly audit report     }
98 silly audit report   ],
98 silly audit report   uuid: [
98 silly audit report     {
98 silly audit report       id: 1116970,
98 silly audit report       url: 'https://github.com/advisories/GHSA-w5hq-g745-h8pq',
98 silly audit report       title: 'uuid: Missing buffer bounds check in v3/v5/v6 when buf is provided',
98 silly audit report       severity: 'moderate',
98 silly audit report       vulnerable_versions: '<14.0.0',
98 silly audit report       cwe: [Array],
98 silly audit report       cvss: [Object]
98 silly audit report     }
98 silly audit report   ]
98 silly audit report }
99 silly packumentCache corgi:https://registry.npmjs.org/postcss cache-miss
100 silly packumentCache corgi:https://registry.npmjs.org/uuid cache-miss
101 http fetch GET 200 https://registry.npmjs.org/uuid 34ms (cache miss)
102 silly packumentCache corgi:https://registry.npmjs.org/uuid set size:undefined disposed:false
103 http fetch GET 200 https://registry.npmjs.org/postcss 47ms (cache miss)
104 silly packumentCache corgi:https://registry.npmjs.org/postcss set size:undefined disposed:false
105 silly packumentCache corgi:https://registry.npmjs.org/@expo%2fmetro-config cache-miss
106 http fetch GET 200 https://registry.npmjs.org/@react-navigation/stack/-/stack-7.8.11.tgz 298ms (cache miss)
107 http fetch GET 200 https://registry.npmjs.org/@expo%2fmetro-config 220ms (cache miss)
108 silly packumentCache corgi:https://registry.npmjs.org/@expo%2fmetro-config set size:undefined disposed:false
109 silly packumentCache corgi:https://registry.npmjs.org/xcode cache-miss
110 http fetch GET 200 https://registry.npmjs.org/xcode 91ms (cache miss)
111 silly packumentCache corgi:https://registry.npmjs.org/xcode set size:undefined disposed:false
112 silly packumentCache corgi:https://registry.npmjs.org/expo cache-miss
113 silly packumentCache corgi:https://registry.npmjs.org/@expo%2fcli cache-miss
114 http fetch GET 200 https://registry.npmjs.org/expo 77ms (cache miss)
115 silly packumentCache corgi:https://registry.npmjs.org/expo set size:undefined disposed:false
116 http fetch GET 200 https://registry.npmjs.org/@expo%2fcli 110ms (cache miss)
117 silly packumentCache corgi:https://registry.npmjs.org/@expo%2fcli set size:undefined disposed:false
118 silly packumentCache corgi:https://registry.npmjs.org/@expo%2fconfig-plugins cache-miss
119 http fetch GET 200 https://registry.npmjs.org/@expo%2fconfig-plugins 274ms (cache miss)
120 silly packumentCache corgi:https://registry.npmjs.org/@expo%2fconfig-plugins set size:undefined disposed:false
121 silly packumentCache corgi:https://registry.npmjs.org/@expo%2fmetro-runtime cache-miss
122 silly packumentCache corgi:https://registry.npmjs.org/@expo%2fprebuild-config cache-miss
123 silly packumentCache corgi:https://registry.npmjs.org/babel-preset-expo cache-miss
124 silly packumentCache corgi:https://registry.npmjs.org/expo-asset cache-miss
125 silly packumentCache corgi:https://registry.npmjs.org/expo-constants cache-miss
126 silly packumentCache corgi:https://registry.npmjs.org/expo-file-system cache-miss
127 silly packumentCache corgi:https://registry.npmjs.org/expo-font cache-miss
128 silly packumentCache corgi:https://registry.npmjs.org/expo-haptics cache-miss
129 silly packumentCache corgi:https://registry.npmjs.org/expo-image cache-miss
130 silly packumentCache corgi:https://registry.npmjs.org/expo-keep-awake cache-miss
131 silly packumentCache corgi:https://registry.npmjs.org/expo-router cache-miss
132 silly packumentCache corgi:https://registry.npmjs.org/expo-splash-screen cache-miss
133 silly packumentCache corgi:https://registry.npmjs.org/expo-symbols cache-miss
134 silly packumentCache corgi:https://registry.npmjs.org/expo-system-ui cache-miss
135 silly packumentCache corgi:https://registry.npmjs.org/expo-web-browser cache-miss
136 silly packumentCache corgi:https://registry.npmjs.org/expo-audio cache-miss
137 silly packumentCache corgi:https://registry.npmjs.org/expo-video cache-miss
138 http fetch GET 200 https://registry.npmjs.org/expo-font 138ms (cache miss)
139 silly packumentCache corgi:https://registry.npmjs.org/expo-font set size:undefined disposed:false
140 http fetch GET 200 https://registry.npmjs.org/expo-constants 179ms (cache miss)
141 silly packumentCache corgi:https://registry.npmjs.org/expo-constants set size:undefined disposed:false
142 http fetch GET 200 https://registry.npmjs.org/expo-file-system 203ms (cache miss)
143 silly packumentCache corgi:https://registry.npmjs.org/expo-file-system set size:undefined disposed:false
144 http fetch GET 200 https://registry.npmjs.org/babel-preset-expo 229ms (cache miss)
145 silly packumentCache corgi:https://registry.npmjs.org/babel-preset-expo set size:undefined disposed:false
146 http fetch GET 200 https://registry.npmjs.org/expo-video 237ms (cache miss)
147 silly packumentCache corgi:https://registry.npmjs.org/expo-video set size:undefined disposed:false
148 http fetch GET 200 https://registry.npmjs.org/@expo%2fprebuild-config 250ms (cache miss)
149 silly packumentCache corgi:https://registry.npmjs.org/@expo%2fprebuild-config set size:undefined disposed:false
150 http fetch GET 200 https://registry.npmjs.org/expo-symbols 272ms (cache miss)
151 silly packumentCache corgi:https://registry.npmjs.org/expo-symbols set size:undefined disposed:false
152 http fetch GET 200 https://registry.npmjs.org/expo-haptics 284ms (cache miss)
153 silly packumentCache corgi:https://registry.npmjs.org/expo-haptics set size:undefined disposed:false
154 http fetch GET 200 https://registry.npmjs.org/expo-web-browser 293ms (cache miss)
155 silly packumentCache corgi:https://registry.npmjs.org/expo-web-browser set size:undefined disposed:false
156 http fetch GET 200 https://registry.npmjs.org/expo-system-ui 310ms (cache miss)
157 silly packumentCache corgi:https://registry.npmjs.org/expo-system-ui set size:undefined disposed:false
158 http fetch GET 200 https://registry.npmjs.org/expo-keep-awake 318ms (cache miss)
159 silly packumentCache corgi:https://registry.npmjs.org/expo-keep-awake set size:undefined disposed:false
160 http fetch GET 200 https://registry.npmjs.org/expo-splash-screen 324ms (cache miss)
161 silly packumentCache corgi:https://registry.npmjs.org/expo-splash-screen set size:undefined disposed:false
162 http fetch GET 200 https://registry.npmjs.org/expo-image 342ms (cache miss)
163 silly packumentCache corgi:https://registry.npmjs.org/expo-image set size:undefined disposed:false
164 http fetch GET 200 https://registry.npmjs.org/expo-asset 350ms (cache miss)
165 silly packumentCache corgi:https://registry.npmjs.org/expo-asset set size:undefined disposed:false
166 http fetch GET 200 https://registry.npmjs.org/expo-audio 359ms (cache miss)
167 silly packumentCache corgi:https://registry.npmjs.org/expo-audio set size:undefined disposed:false
168 http fetch GET 200 https://registry.npmjs.org/expo-router 365ms (cache miss)
169 silly packumentCache corgi:https://registry.npmjs.org/expo-router set size:undefined disposed:false
170 http fetch GET 200 https://registry.npmjs.org/@expo%2fmetro-runtime 404ms (cache miss)
171 silly packumentCache corgi:https://registry.npmjs.org/@expo%2fmetro-runtime set size:undefined disposed:false
172 silly packumentCache corgi:https://registry.npmjs.org/@expo%2fconfig cache-miss
173 http fetch GET 200 https://registry.npmjs.org/@expo%2fconfig 111ms (cache miss)
174 silly packumentCache corgi:https://registry.npmjs.org/@expo%2fconfig set size:undefined disposed:false
175 silly packumentCache corgi:https://registry.npmjs.org/expo-linking cache-miss
176 http fetch GET 200 https://registry.npmjs.org/expo-linking 102ms (cache miss)
177 silly packumentCache corgi:https://registry.npmjs.org/expo-linking set size:undefined disposed:false
178 silly ADD node_modules/undefined
179 silly ADD node_modules/expo-video
180 silly ADD node_modules/expo-audio
181 silly ADD node_modules/@react-navigation/stack
182 silly ADD node_modules/fsevents
183 verbose cwd /Users/gerardgarroparera/fp067-producto3/app-mobile
184 verbose os Darwin 25.4.0
185 verbose node v24.14.1
186 verbose npm  v11.11.0
187 notice
187 notice New [33mminor[39m version of npm available! [33m11.11.0[39m -> [34m11.13.0[39m
187 notice Changelog: [34mhttps://github.com/npm/cli/releases/tag/v11.13.0[39m
187 notice To update run: [4mnpm install -g npm@11.13.0[24m
187 notice  { force: true, Symbol(proc-log.meta): true }
188 verbose exit 0
189 info ok
